Archive member included to satisfy reference by file (symbol)

v:/atmel studio/7.0/toolchain/avr8/avr8-gnu-toolchain/bin/../lib/gcc/avr/5.4.0/../../../../avr/lib/avr6\libm.a(fixsfsi.o)
                              Main.o (__fixsfsi)
v:/atmel studio/7.0/toolchain/avr8/avr8-gnu-toolchain/bin/../lib/gcc/avr/5.4.0/../../../../avr/lib/avr6\libm.a(fixunssfsi.o)
                              v:/atmel studio/7.0/toolchain/avr8/avr8-gnu-toolchain/bin/../lib/gcc/avr/5.4.0/../../../../avr/lib/avr6\libm.a(fixsfsi.o) (__fixunssfsi)
v:/atmel studio/7.0/toolchain/avr8/avr8-gnu-toolchain/bin/../lib/gcc/avr/5.4.0/../../../../avr/lib/avr6\libm.a(fp_split3.o)
                              v:/atmel studio/7.0/toolchain/avr8/avr8-gnu-toolchain/bin/../lib/gcc/avr/5.4.0/../../../../avr/lib/avr6\libm.a(fixunssfsi.o) (__fp_splitA)
v:/atmel studio/7.0/toolchain/avr8/avr8-gnu-toolchain/bin/../lib/gcc/avr/5.4.0/../../../../avr/lib/avr6\libm.a(fp_zero.o)
                              v:/atmel studio/7.0/toolchain/avr8/avr8-gnu-toolchain/bin/../lib/gcc/avr/5.4.0/../../../../avr/lib/avr6\libm.a(fixunssfsi.o) (__fp_zero)
C:\Users\ravim\Documents\Atmel Studio\7.0\BNO055_Test\BNO055_Test\ArduinoCore\Debug\libArduinoCore.a(HardwareSerial.o)
                              Main.o (_ZN14HardwareSerial5beginEmh)
C:\Users\ravim\Documents\Atmel Studio\7.0\BNO055_Test\BNO055_Test\ArduinoCore\Debug\libArduinoCore.a(HardwareSerial0.o)
                              Main.o (Serial)
C:\Users\ravim\Documents\Atmel Studio\7.0\BNO055_Test\BNO055_Test\ArduinoCore\Debug\libArduinoCore.a(main.o)
                              V:/Atmel Studio/7.0/Packs/atmel/ATmega_DFP/1.7.374/gcc/dev/atmega2560/avr6/crtatmega2560.o (main)
C:\Users\ravim\Documents\Atmel Studio\7.0\BNO055_Test\BNO055_Test\ArduinoCore\Debug\libArduinoCore.a(Print.o)
                              C:\Users\ravim\Documents\Atmel Studio\7.0\BNO055_Test\BNO055_Test\ArduinoCore\Debug\libArduinoCore.a(HardwareSerial.o) (_ZN5Print5writeEPKhj)
C:\Users\ravim\Documents\Atmel Studio\7.0\BNO055_Test\BNO055_Test\ArduinoCore\Debug\libArduinoCore.a(wiring.o)
                              Main.o (delay)
C:\Users\ravim\Documents\Atmel Studio\7.0\BNO055_Test\BNO055_Test\ArduinoCore\Debug\libArduinoCore.a(wiring_analog.o)
                              Main.o (analogWrite)
C:\Users\ravim\Documents\Atmel Studio\7.0\BNO055_Test\BNO055_Test\ArduinoCore\Debug\libArduinoCore.a(wiring_digital.o)
                              Main.o (pinMode)
C:\Users\ravim\Documents\Atmel Studio\7.0\BNO055_Test\BNO055_Test\ArduinoCore\Debug\libArduinoCore.a(Adafruit_BNO055.o)
                              Main.o (_ZN15Adafruit_BNO055C1ElhP7TwoWire)
C:\Users\ravim\Documents\Atmel Studio\7.0\BNO055_Test\BNO055_Test\ArduinoCore\Debug\libArduinoCore.a(Adafruit_I2CDevice.o)
                              C:\Users\ravim\Documents\Atmel Studio\7.0\BNO055_Test\BNO055_Test\ArduinoCore\Debug\libArduinoCore.a(Adafruit_BNO055.o) (_ZN18Adafruit_I2CDeviceC1EhP7TwoWire)
C:\Users\ravim\Documents\Atmel Studio\7.0\BNO055_Test\BNO055_Test\ArduinoCore\Debug\libArduinoCore.a(Wire.o)
                              C:\Users\ravim\Documents\Atmel Studio\7.0\BNO055_Test\BNO055_Test\ArduinoCore\Debug\libArduinoCore.a(Adafruit_I2CDevice.o) (_ZN7TwoWire5beginEv)
C:\Users\ravim\Documents\Atmel Studio\7.0\BNO055_Test\BNO055_Test\ArduinoCore\Debug\libArduinoCore.a(abi.o)
                              C:\Users\ravim\Documents\Atmel Studio\7.0\BNO055_Test\BNO055_Test\ArduinoCore\Debug\libArduinoCore.a(Print.o) (__cxa_pure_virtual)
C:\Users\ravim\Documents\Atmel Studio\7.0\BNO055_Test\BNO055_Test\ArduinoCore\Debug\libArduinoCore.a(hooks.o)
                              C:\Users\ravim\Documents\Atmel Studio\7.0\BNO055_Test\BNO055_Test\ArduinoCore\Debug\libArduinoCore.a(wiring.o) (yield)
C:\Users\ravim\Documents\Atmel Studio\7.0\BNO055_Test\BNO055_Test\ArduinoCore\Debug\libArduinoCore.a(new.o)
                              C:\Users\ravim\Documents\Atmel Studio\7.0\BNO055_Test\BNO055_Test\ArduinoCore\Debug\libArduinoCore.a(Adafruit_BNO055.o) (_Znwj)
C:\Users\ravim\Documents\Atmel Studio\7.0\BNO055_Test\BNO055_Test\ArduinoCore\Debug\libArduinoCore.a(twi.o)
                              C:\Users\ravim\Documents\Atmel Studio\7.0\BNO055_Test\BNO055_Test\ArduinoCore\Debug\libArduinoCore.a(Wire.o) (twi_init)
v:/atmel studio/7.0/toolchain/avr8/avr8-gnu-toolchain/bin/../lib/gcc/avr/5.4.0/../../../../avr/lib/avr6\libm.a(addsf3.o)
                              C:\Users\ravim\Documents\Atmel Studio\7.0\BNO055_Test\BNO055_Test\ArduinoCore\Debug\libArduinoCore.a(Print.o) (__subsf3)
v:/atmel studio/7.0/toolchain/avr8/avr8-gnu-toolchain/bin/../lib/gcc/avr/5.4.0/../../../../avr/lib/avr6\libm.a(addsf3x.o)
                              v:/atmel studio/7.0/toolchain/avr8/avr8-gnu-toolchain/bin/../lib/gcc/avr/5.4.0/../../../../avr/lib/avr6\libm.a(addsf3.o) (__addsf3x)
v:/atmel studio/7.0/toolchain/avr8/avr8-gnu-toolchain/bin/../lib/gcc/avr/5.4.0/../../../../avr/lib/avr6\libm.a(cmpsf2.o)
[...]
Memory Configuration

Name             Origin             Length             Attributes
text             0x00000000         0x00040000         xr
data             0x00800200         0x00002000         rw !x
eeprom           0x00810000         0x00001000         rw !x
fuse             0x00820000         0x00000003         rw !x
lock             0x00830000         0x00000400         rw !x
signature        0x00840000         0x00000400         rw !x
user_signatures  0x00850000         0x00000400         rw !x
*default*        0x00000000         0xffffffff

Linker script and memory map

Address of section .data set to 0x800200
LOAD V:/Atmel Studio/7.0/Packs/atmel/ATmega_DFP/1.7.374/gcc/dev/atmega2560/avr6/crtatmega2560.o
LOAD Main.o
START GROUP
LOAD v:/atmel studio/7.0/toolchain/avr8/avr8-gnu-toolchain/bin/../lib/gcc/avr/5.4.0/../../../../avr/lib/avr6\libm.a
LOAD C:\Users\ravim\Documents\Atmel Studio\7.0\BNO055_Test\BNO055_Test\ArduinoCore\Debug\libArduinoCore.a
END GROUP
LOAD v:/atmel studio/7.0/toolchain/avr8/avr8-gnu-toolchain/bin/../lib/gcc/avr/5.4.0/avr6\libgcc.a
LOAD v:/atmel studio/7.0/toolchain/avr8/avr8-gnu-toolchain/bin/../lib/gcc/avr/5.4.0/../../../../avr/lib/avr6\libm.a
START GROUP
LOAD v:/atmel studio/7.0/toolchain/avr8/avr8-gnu-toolchain/bin/../lib/gcc/avr/5.4.0/avr6\libgcc.a
LOAD v:/atmel studio/7.0/toolchain/avr8/avr8-gnu-toolchain/bin/../lib/gcc/avr/5.4.0/../../../../avr/lib/avr6\libm.a
LOAD v:/atmel studio/7.0/toolchain/avr8/avr8-gnu-toolchain/bin/../lib/gcc/avr/5.4.0/../../../../avr/lib/avr6\libc.a
LOAD V:/Atmel Studio/7.0/Packs/atmel/ATmega_DFP/1.7.374/gcc/dev/atmega2560/avr6\libatmega2560.a
END GROUP
                0x00000000                __TEXT_REGION_ORIGIN__ = DEFINED (__TEXT_REGION_ORIGIN__)?__TEXT_REGION_ORIGIN__:0x0
                [0x00800200]                __DATA_REGION_ORIGIN__ = DEFINED (__DATA_REGION_ORIGIN__)?__DATA_REGION_ORIGIN__:0x800200
                [0x00040000]                __TEXT_REGION_LENGTH__ = DEFINED (__TEXT_REGION_LENGTH__)?__TEXT_REGION_LENGTH__:0x100000
                [0x00002000]                __DATA_REGION_LENGTH__ = DEFINED (__DATA_REGION_LENGTH__)?__DATA_REGION_LENGTH__:0xfe00
                [0x00001000]                __EEPROM_REGION_LENGTH__ = DEFINED (__EEPROM_REGION_LENGTH__)?__EEPROM_REGION_LENGTH__:0x10000
                [0x00000003]                __FUSE_REGION_LENGTH__ = DEFINED (__FUSE_REGION_LENGTH__)?__FUSE_REGION_LENGTH__:0x400
                0x00000400                __LOCK_REGION_LENGTH__ = DEFINED (__LOCK_REGION_LENGTH__)?__LOCK_REGION_LENGTH__:0x400
                0x00000400                __SIGNATURE_REGION_LENGTH__ = DEFINED (__SIGNATURE_REGION_LENGTH__)?__SIGNATURE_REGION_LENGTH__:0x400
                0x00000400                __USER_SIGNATURE_REGION_LENGTH__ = DEFINED (__USER_SIGNATURE_REGION_LENGTH__)?__USER_SIGNATURE_REGION_LENGTH__:0x400

.hash
 *(.hash)

.dynsym
 *(.dynsym)

.dynstr
 *(.dynstr)

.gnu.version
 *(.gnu.version)

.gnu.version_d
 *(.gnu.version_d)

.gnu.version_r
 *(.gnu.version_r)

.rel.init
 *(.rel.init)

.rela.init
 *(.rela.init)

.rel.text
 *(.rel.text)
 *(.rel.text.*)
 *(.rel.gnu.linkonce.t*)

.rela.text
 *(.rela.text)
 *(.rela.text.*)
 *(.rela.gnu.linkonce.t*)

.rel.fini
 *(.rel.fini)

.rela.fini
 *(.rela.fini)

.rel.rodata
 *(.rel.rodata)
 *(.rel.rodata.*)
 *(.rel.gnu.linkonce.r*)

.rela.rodata
 *(.rela.rodata)
 *(.rela.rodata.*)
 *(.rela.gnu.linkonce.r*)

.rel.data
 *(.rel.data)
 *(.rel.data.*)
 *(.rel.gnu.linkonce.d*)

.rela.data
 *(.rela.data)
 *(.rela.data.*)
 *(.rela.gnu.linkonce.d*)

.rel.ctors
 *(.rel.ctors)

.rela.ctors
 *(.rela.ctors)

.rel.dtors
 *(.rel.dtors)

.rela.dtors
 *(.rela.dtors)

.rel.got
 *(.rel.got)

.rela.got
 *(.rela.got)

.rel.bss
 *(.rel.bss)

.rela.bss
 *(.rela.bss)

.rel.plt
 *(.rel.plt)

.rela.plt
 *(.rela.plt)

.text           0x00000000     0x29b0
 *(.vectors)
 .vectors       0x00000000       0xe4 V:/Atmel Studio/7.0/Packs/atmel/ATmega_DFP/1.7.374/gcc/dev/atmega2560/avr6/crtatmega2560.o
                0x00000000                __vector_default
                0x00000000                __vectors
 *(.vectors)
 *(.progmem.gcc*)
 .progmem.gcc_sw_table.analogWrite
                0x000000e4       0x24 C:\Users\ravim\Documents\Atmel Studio\7.0\BNO055_Test\BNO055_Test\ArduinoCore\Debug\libArduinoCore.a(wiring_analog.o)
 .progmem.gcc_sw_table.turnOffPWM
                0x00000108       0x24 C:\Users\ravim\Documents\Atmel Studio\7.0\BNO055_Test\BNO055_Test\ArduinoCore\Debug\libArduinoCore.a(wiring_digital.o)
                0x0000012c                . = ALIGN (0x2)
                0x0000012c                __trampolines_start = .
 *(.trampolines)
 .trampolines   0x0000012c        0x0 linker stubs
 *(.trampolines*)
                0x0000012c                __trampolines_end = .
 *libprintf_flt.a:*(.progmem.data)
 *libc.a:*(.progmem.data)
 *(.progmem*)
 .progmem.data.digital_pin_to_timer_PGM
                0x0000012c       0x46 C:\Users\ravim\Documents\Atmel Studio\7.0\BNO055_Test\BNO055_Test\ArduinoCore\Debug\libArduinoCore.a(wiring_digital.o)
                0x0000012c                digital_pin_to_timer_PGM
 .progmem.data.digital_pin_to_bit_mask_PGM
                0x00000172       0x46 C:\Users\ravim\Documents\Atmel Studio\7.0\BNO055_Test\BNO055_Test\ArduinoCore\Debug\libArduinoCore.a(wiring_digital.o)
                0x00000172                digital_pin_to_bit_mask_PGM
 .progmem.data.digital_pin_to_port_PGM
                0x000001b8       0x46 C:\Users\ravim\Documents\Atmel Studio\7.0\BNO055_Test\BNO055_Test\ArduinoCore\Debug\libArduinoCore.a(wiring_digital.o)
                0x000001b8                digital_pin_to_port_PGM
 .progmem.data.port_to_output_PGM
                0x000001fe       0x1a C:\Users\ravim\Documents\Atmel Studio\7.0\BNO055_Test\BNO055_Test\ArduinoCore\Debug\libArduinoCore.a(wiring_digital.o)
                0x000001fe                port_to_output_PGM
 .progmem.data.port_to_mode_PGM
                0x00000218       0x1a C:\Users\ravim\Documents\Atmel Studio\7.0\BNO055_Test\BNO055_Test\ArduinoCore\Debug\libArduinoCore.a(wiring_digital.o)
                0x00000218                port_to_mode_PGM
                0x00000232                . = ALIGN (0x2)
 *(.jumptables)
 *(.jumptables*)
 *(.lowtext)
 *(.lowtext*)
                0x00000232                __ctors_start = .
 *(.ctors)
 .ctors         0x00000232        0x2 Main.o
 .ctors         0x00000234        0x2 C:\Users\ravim\Documents\Atmel Studio\7.0\BNO055_Test\BNO055_Test\ArduinoCore\Debug\libArduinoCore.a(HardwareSerial0.o)
 .ctors         0x00000236        0x2 C:\Users\ravim\Documents\Atmel Studio\7.0\BNO055_Test\BNO055_Test\ArduinoCore\Debug\libArduinoCore.a(Wire.o)
                0x00000238                __ctors_end = .
                0x00000238                __dtors_start = .
 *(.dtors)
                0x00000238                __dtors_end = .
 SORT(*)(.ctors)
 SORT(*)(.dtors)
 *(.init0)
 .init0         0x00000238        0x0 V:/Atmel Studio/7.0/Packs/atmel/ATmega_DFP/1.7.374/gcc/dev/atmega2560/avr6/crtatmega2560.o
                0x00000238                __init
 *(.init0)
 *(.init1)
 *(.init1)
 *(.init2)
 .init2         0x00000238       0x10 V:/Atmel Studio/7.0/Packs/atmel/ATmega_DFP/1.7.374/gcc/dev/atmega2560/avr6/crtatmega2560.o
 *(.init2)
 *(.init3)
 *(.init3)
 *(.init4)
 .init4         0x00000248       0x1a v:/atmel studio/7.0/toolchain/avr8/avr8-gnu-toolchain/bin/../lib/gcc/avr/5.4.0/avr6\libgcc.a(_copy_data.o)
                0x00000248                __do_copy_data
 .init4         0x00000262       0x10 v:/atmel studio/7.0/toolchain/avr8/avr8-gnu-toolchain/bin/../lib/gcc/avr/5.4.0/avr6\libgcc.a(_clear_bss.o)
                0x00000262                __do_clear_bss
 *(.init4)
 *(.init5)
 *(.init5)
 *(.init6)
 .init6         0x00000272       0x20 v:/atmel studio/7.0/toolchain/avr8/avr8-gnu-toolchain/bin/../lib/gcc/avr/5.4.0/avr6\libgcc.a(_ctors.o)
                0x00000272                __do_global_ctors
 *(.init6)
 *(.init7)
 *(.init7)
 *(.init8)
 *(.init8)
 *(.init9)
 .init9         0x00000292        0x6 V:/Atmel Studio/7.0/Packs/atmel/ATmega_DFP/1.7.374/gcc/dev/atmega2560/avr6/crtatmega2560.o
 *(.init9)
 *(.text)
 .text          0x00000298        0x2 V:/Atmel Studio/7.0/Packs/atmel/ATmega_DFP/1.7.374/gcc/dev/atmega2560/avr6/crtatmega2560.o
                0x00000298                __vector_38
                0x00000298                __vector_22
                0x00000298                __vector_28
                0x00000298                __vector_1
                0x00000298                __vector_32
                0x00000298                __vector_34
                0x00000298                __vector_24
                0x00000298                __vector_12
                0x00000298                __vector_55
                0x00000298                __vector_46
                0x00000298                __bad_interrupt
                0x00000298                __vector_6
                0x00000298                __vector_31
                0x00000298                __vector_35
                0x00000298                __vector_3
                0x00000298                __vector_30
                0x00000298                __vector_45
                0x00000298                __vector_11
                0x00000298                __vector_54
                0x00000298                __vector_13
                0x00000298                __vector_17
                0x00000298                __vector_19
                0x00000298                __vector_56
                0x00000298                __vector_7
                0x00000298                __vector_49
                0x00000298                __vector_41
                0x00000298                __vector_43
                0x00000298                __vector_27
                0x00000298                __vector_5
                0x00000298                __vector_33
                0x00000298                __vector_47
                0x00000298                __vector_52
                0x00000298                __vector_37
                0x00000298                __vector_4
                0x00000298                __vector_44
                0x00000298                __vector_51
                0x00000298                __vector_9
                0x00000298                __vector_2
                0x00000298                __vector_21
                0x00000298                __vector_15
                0x00000298                __vector_36
                0x00000298                __vector_29
                0x00000298                __vector_40
                0x00000298                __vector_8
                0x00000298                __vector_48
                0x00000298                __vector_14
                0x00000298                __vector_53
                0x00000298                __vector_10
                0x00000298                __vector_50
                0x00000298                __vector_16
                0x00000298                __vector_18
                0x00000298                __vector_20
                0x00000298                __vector_42
                0x0000029a                . = ALIGN (0x2)
 *(.text.*)
 .text._ZN15Adafruit_Sensor15enableAutoRangeEb
                0x0000029a        0x2 Main.o
                0x0000029a                _ZN15Adafruit_Sensor15enableAutoRangeEb
 .text.setup    0x0000029c       0x5a Main.o
                0x0000029c                setup
 .text._Z6pwmOutP3com
                0x000002f6        0xc Main.o
                0x000002f6                _Z6pwmOutP3com
 .text.loop     0x00000302      0x12a Main.o
                0x00000302                loop
 .text.startup._GLOBAL__sub_I_ledPin
                0x0000042c       0x1e Main.o
 .text.avr-libc.fplib
                0x0000044a        0xa v:/atmel studio/7.0/toolchain/avr8/avr8-gnu-toolchain/bin/../lib/gcc/avr/5.4.0/../../../../avr/lib/avr6\libm.a(fixsfsi.o)
                0x0000044a                __fixsfsi
 .text.avr-libc.fplib
                0x00000454       0x58 v:/atmel studio/7.0/toolchain/avr8/avr8-gnu-toolchain/bin/../lib/gcc/avr/5.4.0/../../../../avr/lib/avr6\libm.a(fixunssfsi.o)
                0x00000454                __fixunssfsi
 .text.avr-libc.fplib
                0x000004ac       0x44 v:/atmel studio/7.0/toolchain/avr8/avr8-gnu-toolchain/bin/../lib/gcc/avr/5.4.0/../../../../avr/lib/avr6\libm.a(fp_split3.o)
                0x000004ac                __fp_split3
                0x000004bc                __fp_splitA
 .text.avr-libc.fplib
                0x000004f0        0xe v:/atmel studio/7.0/toolchain/avr8/avr8-gnu-toolchain/bin/../lib/gcc/avr/5.4.0/../../../../avr/lib/avr6\libm.a(fp_zero.o)
                0x000004f0                __fp_zero
                0x000004f2                __fp_szero
 .text._ZN14HardwareSerial9availableEv
                0x000004fe       0x18 C:\Users\ravim\Documents\Atmel Studio\7.0\BNO055_Test\BNO055_Test\ArduinoCore\Debug\libArduinoCore.a(HardwareSerial.o)
                0x000004fe                _ZN14HardwareSerial9availableEv
 .text._ZN14HardwareSerial4peekEv
                0x00000516       0x1c C:\Users\ravim\Documents\Atmel Studio\7.0\BNO055_Test\BNO055_Test\ArduinoCore\Debug\libArduinoCore.a(HardwareSerial.o)
                0x00000516                _ZN14HardwareSerial4peekEv
 .text._ZN14HardwareSerial4readEv
                0x00000532       0x28 C:\Users\ravim\Documents\Atmel Studio\7.0\BNO055_Test\BNO055_Test\ArduinoCore\Debug\libArduinoCore.a(HardwareSerial.o)
                0x00000532                _ZN14HardwareSerial4readEv
 .text._ZN14HardwareSerial17availableForWriteEv
                0x0000055a       0x1e C:\Users\ravim\Documents\Atmel Studio\7.0\BNO055_Test\BNO055_Test\ArduinoCore\Debug\libArduinoCore.a(HardwareSerial.o)
                0x0000055a                _ZN14HardwareSerial17availableForWriteEv
 .text._Z14serialEventRunv
                0x00000578       0x78 C:\Users\ravim\Documents\Atmel Studio\7.0\BNO055_Test\BNO055_Test\ArduinoCore\Debug\libArduinoCore.a(HardwareSerial.o)
                0x00000578                _Z14serialEventRunv
 .text._ZN14HardwareSerial17_tx_udr_empty_irqEv
                0x000005f0       0x44 C:\Users\ravim\Documents\Atmel Studio\7.0\BNO055_Test\BNO055_Test\ArduinoCore\Debug\libArduinoCore.a(HardwareSerial.o)
                0x000005f0                _ZN14HardwareSerial17_tx_udr_empty_irqEv
 .text._ZN14HardwareSerial5writeEh
                0x00000634       0x98 C:\Users\ravim\Documents\Atmel Studio\7.0\BNO055_Test\BNO055_Test\ArduinoCore\Debug\libArduinoCore.a(HardwareSerial.o)
                0x00000634                _ZN14HardwareSerial5writeEh
 .text._ZN14HardwareSerial5flushEv
                0x000006cc       0x42 C:\Users\ravim\Documents\Atmel Studio\7.0\BNO055_Test\BNO055_Test\ArduinoCore\Debug\libArduinoCore.a(HardwareSerial.o)
                0x000006cc                _ZN14HardwareSerial5flushEv
 .text._ZN14HardwareSerial5beginEmh
                0x0000070e       0xca C:\Users\ravim\Documents\Atmel Studio\7.0\BNO055_Test\BNO055_Test\ArduinoCore\Debug\libArduinoCore.a(HardwareSerial.o)
                0x0000070e                _ZN14HardwareSerial5beginEmh
 .text._ZN5Print17availableForWriteEv
                0x000007d8        0x6 C:\Users\ravim\Documents\Atmel Studio\7.0\BNO055_Test\BNO055_Test\ArduinoCore\Debug\libArduinoCore.a(HardwareSerial0.o)
                0x000007d8                _ZN5Print17availableForWriteEv
 .text.__vector_25
                0x000007de       0x6c C:\Users\ravim\Documents\Atmel Studio\7.0\BNO055_Test\BNO055_Test\ArduinoCore\Debug\libArduinoCore.a(HardwareSerial0.o)
                0x000007de                __vector_25
 .text.__vector_26
                0x0000084a       0x52 C:\Users\ravim\Documents\Atmel Studio\7.0\BNO055_Test\BNO055_Test\ArduinoCore\Debug\libArduinoCore.a(HardwareSerial0.o)
                0x0000084a                __vector_26
 .text._Z17Serial0_availablev
                0x0000089c       0x12 C:\Users\ravim\Documents\Atmel Studio\7.0\BNO055_Test\BNO055_Test\ArduinoCore\Debug\libArduinoCore.a(HardwareSerial0.o)
                0x0000089c                _Z17Serial0_availablev
 .text.startup._GLOBAL__sub_I___vector_25
                0x000008ae       0x5a C:\Users\ravim\Documents\Atmel Studio\7.0\BNO055_Test\BNO055_Test\ArduinoCore\Debug\libArduinoCore.a(HardwareSerial0.o)
 .text.initVariant
                0x00000908        0x2 C:\Users\ravim\Documents\Atmel Studio\7.0\BNO055_Test\BNO055_Test\ArduinoCore\Debug\libArduinoCore.a(main.o)
                0x00000908                initVariant
 .text.startup.main
                0x0000090a       0x14 C:\Users\ravim\Documents\Atmel Studio\7.0\BNO055_Test\BNO055_Test\ArduinoCore\Debug\libArduinoCore.a(main.o)
                0x0000090a                main
 .text._ZN5Print5writeEPKhj
                0x0000091e       0x54 C:\Users\ravim\Documents\Atmel Studio\7.0\BNO055_Test\BNO055_Test\ArduinoCore\Debug\libArduinoCore.a(Print.o)
                0x0000091e                _ZN5Print5writeEPKhj
 .text._ZN5Print5writeEPKc
                0x00000972       0x2a C:\Users\ravim\Documents\Atmel Studio\7.0\BNO055_Test\BNO055_Test\ArduinoCore\Debug\libArduinoCore.a(Print.o)
                0x00000972                _ZN5Print5writeEPKc
 .text._ZN5Print5printEPKc
                0x0000099c        0x2 C:\Users\ravim\Documents\Atmel Studio\7.0\BNO055_Test\BNO055_Test\ArduinoCore\Debug\libArduinoCore.a(Print.o)
                0x0000099c                _ZN5Print5printEPKc
 .text._ZN5Print5printEc
                0x0000099e        0xe C:\Users\ravim\Documents\Atmel Studio\7.0\BNO055_Test\BNO055_Test\ArduinoCore\Debug\libArduinoCore.a(Print.o)
                0x0000099e                _ZN5Print5printEc
 .text._ZN5Print7printlnEv
                0x000009ac        0x6 C:\Users\ravim\Documents\Atmel Studio\7.0\BNO055_Test\BNO055_Test\ArduinoCore\Debug\libArduinoCore.a(Print.o)
                0x000009ac                _ZN5Print7printlnEv
 .text._ZN5Print7printlnEPKc
                0x000009b2       0x20 C:\Users\ravim\Documents\Atmel Studio\7.0\BNO055_Test\BNO055_Test\ArduinoCore\Debug\libArduinoCore.a(Print.o)
                0x000009b2                _ZN5Print7printlnEPKc
 .text._ZN5Print11printNumberEmh
                0x000009d2       0x90 C:\Users\ravim\Documents\Atmel Studio\7.0\BNO055_Test\BNO055_Test\ArduinoCore\Debug\libArduinoCore.a(Print.o)
                0x000009d2                _ZN5Print11printNumberEmh
 .text._ZN5Print5printEmi
                0x00000a62       0x18 C:\Users\ravim\Documents\Atmel Studio\7.0\BNO055_Test\BNO055_Test\ArduinoCore\Debug\libArduinoCore.a(Print.o)
                0x00000a62                _ZN5Print5printEmi
 .text._ZN5Print5printEji
                0x00000a7a        0xa C:\Users\ravim\Documents\Atmel Studio\7.0\BNO055_Test\BNO055_Test\ArduinoCore\Debug\libArduinoCore.a(Print.o)
                0x00000a7a                _ZN5Print5printEji
 .text._ZN5Print5printEli
                0x00000a84       0x8a C:\Users\ravim\Documents\Atmel Studio\7.0\BNO055_Test\BNO055_Test\ArduinoCore\Debug\libArduinoCore.a(Print.o)
                0x00000a84                _ZN5Print5printEli
 .text._ZN5Print5printEii
                0x00000b0e        0xc C:\Users\ravim\Documents\Atmel Studio\7.0\BNO055_Test\BNO055_Test\ArduinoCore\Debug\libArduinoCore.a(Print.o)
                0x00000b0e                _ZN5Print5printEii
 .text._ZN5Print10printFloatEdh
                0x00000b1a      0x1a8 C:\Users\ravim\Documents\Atmel Studio\7.0\BNO055_Test\BNO055_Test\ArduinoCore\Debug\libArduinoCore.a(Print.o)
                0x00000b1a                _ZN5Print10printFloatEdh
 .text._ZN5Print5printEdi
                0x00000cc2        0x2 C:\Users\ravim\Documents\Atmel Studio\7.0\BNO055_Test\BNO055_Test\ArduinoCore\Debug\libArduinoCore.a(Print.o)
                0x00000cc2                _ZN5Print5printEdi
 .text.__vector_23
                0x00000cc4       0x94 C:\Users\ravim\Documents\Atmel Studio\7.0\BNO055_Test\BNO055_Test\ArduinoCore\Debug\libArduinoCore.a(wiring.o)
                0x00000cc4                __vector_23
 .text.millis   0x00000d58       0x18 C:\Users\ravim\Documents\Atmel Studio\7.0\BNO055_Test\BNO055_Test\ArduinoCore\Debug\libArduinoCore.a(wiring.o)
                0x00000d58                millis
 .text.micros   0x00000d70       0x4a C:\Users\ravim\Documents\Atmel Studio\7.0\BNO055_Test\BNO055_Test\ArduinoCore\Debug\libArduinoCore.a(wiring.o)
                0x00000d70                micros
 .text.delay    0x00000dba       0x72 C:\Users\ravim\Documents\Atmel Studio\7.0\BNO055_Test\BNO055_Test\ArduinoCore\Debug\libArduinoCore.a(wiring.o)
                0x00000dba                delay
 .text.init     0x00000e2c       0xc4 C:\Users\ravim\Documents\Atmel Studio\7.0\BNO055_Test\BNO055_Test\ArduinoCore\Debug\libArduinoCore.a(wiring.o)
                0x00000e2c                init
 .text.analogWrite
                0x00000ef0      0x18e C:\Users\ravim\Documents\Atmel Studio\7.0\BNO055_Test\BNO055_Test\ArduinoCore\Debug\libArduinoCore.a(wiring_analog.o)
                0x00000ef0                analogWrite
 .text.turnOffPWM
                0x0000107e       0xac C:\Users\ravim\Documents\Atmel Studio\7.0\BNO055_Test\BNO055_Test\ArduinoCore\Debug\libArduinoCore.a(wiring_digital.o)
 .text.pinMode  0x0000112a       0x78 C:\Users\ravim\Documents\Atmel Studio\7.0\BNO055_Test\BNO055_Test\ArduinoCore\Debug\libArduinoCore.a(wiring_digital.o)
                0x0000112a                pinMode
 .text.digitalWrite
                0x000011a2       0x5c C:\Users\ravim\Documents\Atmel Studio\7.0\BNO055_Test\BNO055_Test\ArduinoCore\Debug\libArduinoCore.a(wiring_digital.o)
                0x000011a2                digitalWrite
 .text._ZN15Adafruit_BNO055D2Ev
                0x000011fe        0x2 C:\Users\ravim\Documents\Atmel Studio\7.0\BNO055_Test\BNO055_Test\ArduinoCore\Debug\libArduinoCore.a(Adafruit_BNO055.o)
                0x000011fe                _ZN15Adafruit_BNO055D2Ev
                0x000011fe                _ZN15Adafruit_BNO055D1Ev
 .text._ZN15Adafruit_BNO0559getSensorEP8sensor_t
                0x00001200       0x8a C:\Users\ravim\Documents\Atmel Studio\7.0\BNO055_Test\BNO055_Test\ArduinoCore\Debug\libArduinoCore.a(Adafruit_BNO055.o)
                0x00001200                _ZN15Adafruit_BNO0559getSensorEP8sensor_t
 .text._ZN15Adafruit_BNO055D0Ev
                0x0000128a        0x2 C:\Users\ravim\Documents\Atmel Studio\7.0\BNO055_Test\BNO055_Test\ArduinoCore\Debug\libArduinoCore.a(Adafruit_BNO055.o)
                0x0000128a                _ZN15Adafruit_BNO055D0Ev
 .text._ZN15Adafruit_BNO055C2ElhP7TwoWire
                0x0000128c       0x48 C:\Users\ravim\Documents\Atmel Studio\7.0\BNO055_Test\BNO055_Test\ArduinoCore\Debug\libArduinoCore.a(Adafruit_BNO055.o)
                0x0000128c                _ZN15Adafruit_BNO055C1ElhP7TwoWire
                0x0000128c                _ZN15Adafruit_BNO055C2ElhP7TwoWire
 .text._ZN15Adafruit_BNO0556write8ENS_21adafruit_bno055_reg_tEh
                0x000012d4       0x46 C:\Users\ravim\Documents\Atmel Studio\7.0\BNO055_Test\BNO055_Test\ArduinoCore\Debug\libArduinoCore.a(Adafruit_BNO055.o)
                0x000012d4                _ZN15Adafruit_BNO0556write8ENS_21adafruit_bno055_reg_tEh
 .text._ZN15Adafruit_BNO0557setModeE24adafruit_bno055_opmode_t
                0x0000131a       0x14 C:\Users\ravim\Documents\Atmel Studio\7.0\BNO055_Test\BNO055_Test\ArduinoCore\Debug\libArduinoCore.a(Adafruit_BNO055.o)
                0x0000131a                _ZN15Adafruit_BNO0557setModeE24adafruit_bno055_opmode_t
 .text._ZN15Adafruit_BNO05516setExtCrystalUseEb
                0x0000132e       0x56 C:\Users\ravim\Documents\Atmel Studio\7.0\BNO055_Test\BNO055_Test\ArduinoCore\Debug\libArduinoCore.a(Adafruit_BNO055.o)
                0x0000132e                _ZN15Adafruit_BNO05516setExtCrystalUseEb
 .text._ZN15Adafruit_BNO0555read8ENS_21adafruit_bno055_reg_tE
                0x00001384       0x3c C:\Users\ravim\Documents\Atmel Studio\7.0\BNO055_Test\BNO055_Test\ArduinoCore\Debug\libArduinoCore.a(Adafruit_BNO055.o)
                0x00001384                _ZN15Adafruit_BNO0555read8ENS_21adafruit_bno055_reg_tE
 .text._ZN15Adafruit_BNO0555beginE24adafruit_bno055_opmode_t
                0x000013c0       0xe2 C:\Users\ravim\Documents\Atmel Studio\7.0\BNO055_Test\BNO055_Test\ArduinoCore\Debug\libArduinoCore.a(Adafruit_BNO055.o)
                0x000013c0                _ZN15Adafruit_BNO0555beginE24adafruit_bno055_opmode_t
 .text._ZN15Adafruit_BNO0557readLenENS_21adafruit_bno055_reg_tEPhh
                0x000014a2       0x3a C:\Users\ravim\Documents\Atmel Studio\7.0\BNO055_Test\BNO055_Test\ArduinoCore\Debug\libArduinoCore.a(Adafruit_BNO055.o)
                0x000014a2                _ZN15Adafruit_BNO0557readLenENS_21adafruit_bno055_reg_tEPhh
 .text._ZN15Adafruit_BNO0559getVectorENS_22adafruit_vector_type_tE
                0x000014dc      0x146 C:\Users\ravim\Documents\Atmel Studio\7.0\BNO055_Test\BNO055_Test\ArduinoCore\Debug\libArduinoCore.a(Adafruit_BNO055.o)
                0x000014dc                _ZN15Adafruit_BNO0559getVectorENS_22adafruit_vector_type_tE
 .text._ZN15Adafruit_BNO0558getEventEP15sensors_event_t
                0x00001622       0xc4 C:\Users\ravim\Documents\Atmel Studio\7.0\BNO055_Test\BNO055_Test\ArduinoCore\Debug\libArduinoCore.a(Adafruit_BNO055.o)
                0x00001622                _ZN15Adafruit_BNO0558getEventEP15sensors_event_t
 .text._ZN18Adafruit_I2CDeviceC2EhP7TwoWire
                0x000016e6       0x14 C:\Users\ravim\Documents\Atmel Studio\7.0\BNO055_Test\BNO055_Test\ArduinoCore\Debug\libArduinoCore.a(Adafruit_I2CDevice.o)
                0x000016e6                _ZN18Adafruit_I2CDeviceC2EhP7TwoWire
                0x000016e6                _ZN18Adafruit_I2CDeviceC1EhP7TwoWire
 .text._ZN18Adafruit_I2CDevice8detectedEv
                0x000016fa       0x34 C:\Users\ravim\Documents\Atmel Studio\7.0\BNO055_Test\BNO055_Test\ArduinoCore\Debug\libArduinoCore.a(Adafruit_I2CDevice.o)
                0x000016fa                _ZN18Adafruit_I2CDevice8detectedEv
 .text._ZN18Adafruit_I2CDevice5beginEb
                0x0000172e       0x2c C:\Users\ravim\Documents\Atmel Studio\7.0\BNO055_Test\BNO055_Test\ArduinoCore\Debug\libArduinoCore.a(Adafruit_I2CDevice.o)
                0x0000172e                _ZN18Adafruit_I2CDevice5beginEb
 .text._ZN18Adafruit_I2CDevice5writeEPKhjbS1_j
                0x0000175a       0xa8 C:\Users\ravim\Documents\Atmel Studio\7.0\BNO055_Test\BNO055_Test\ArduinoCore\Debug\libArduinoCore.a(Adafruit_I2CDevice.o)
                0x0000175a                _ZN18Adafruit_I2CDevice5writeEPKhjbS1_j
 .text._ZN18Adafruit_I2CDevice5_readEPhjb
                0x00001802       0x68 C:\Users\ravim\Documents\Atmel Studio\7.0\BNO055_Test\BNO055_Test\ArduinoCore\Debug\libArduinoCore.a(Adafruit_I2CDevice.o)
                0x00001802                _ZN18Adafruit_I2CDevice5_readEPhjb
 .text._ZN18Adafruit_I2CDevice4readEPhjb
                0x0000186a       0x7e C:\Users\ravim\Documents\Atmel Studio\7.0\BNO055_Test\BNO055_Test\ArduinoCore\Debug\libArduinoCore.a(Adafruit_I2CDevice.o)
                0x0000186a                _ZN18Adafruit_I2CDevice4readEPhjb
 .text._ZN18Adafruit_I2CDevice15write_then_readEPKhjPhjb
                0x000018e8       0x60 C:\Users\ravim\Documents\Atmel Studio\7.0\BNO055_Test\BNO055_Test\ArduinoCore\Debug\libArduinoCore.a(Adafruit_I2CDevice.o)
                0x000018e8                _ZN18Adafruit_I2CDevice15write_then_readEPKhjPhjb
 .text._ZN7TwoWire9availableEv
                0x00001948       0x10 C:\Users\ravim\Documents\Atmel Studio\7.0\BNO055_Test\BNO055_Test\ArduinoCore\Debug\libArduinoCore.a(Wire.o)
                0x00001948                _ZN7TwoWire9availableEv
 .text._ZN7TwoWire4readEv
                0x00001958       0x28 C:\Users\ravim\Documents\Atmel Studio\7.0\BNO055_Test\BNO055_Test\ArduinoCore\Debug\libArduinoCore.a(Wire.o)
                0x00001958                _ZN7TwoWire4readEv
 .text._ZN7TwoWire4peekEv
                0x00001980       0x1e C:\Users\ravim\Documents\Atmel Studio\7.0\BNO055_Test\BNO055_Test\ArduinoCore\Debug\libArduinoCore.a(Wire.o)
                0x00001980                _ZN7TwoWire4peekEv
 .text._ZN7TwoWire5flushEv
                0x0000199e        0x2 C:\Users\ravim\Documents\Atmel Studio\7.0\BNO055_Test\BNO055_Test\ArduinoCore\Debug\libArduinoCore.a(Wire.o)
                0x0000199e                _ZN7TwoWire5flushEv
 .text._ZN7TwoWire16onReceiveServiceEPhi
                0x000019a0       0x54 C:\Users\ravim\Documents\Atmel Studio\7.0\BNO055_Test\BNO055_Test\ArduinoCore\Debug\libArduinoCore.a(Wire.o)
                0x000019a0                _ZN7TwoWire16onReceiveServiceEPhi
 .text._ZN7TwoWire16onRequestServiceEv
                0x000019f4       0x18 C:\Users\ravim\Documents\Atmel Studio\7.0\BNO055_Test\BNO055_Test\ArduinoCore\Debug\libArduinoCore.a(Wire.o)
                0x000019f4                _ZN7TwoWire16onRequestServiceEv
 .text._ZN7TwoWire5writeEPKhj
                0x00001a0c       0x58 C:\Users\ravim\Documents\Atmel Studio\7.0\BNO055_Test\BNO055_Test\ArduinoCore\Debug\libArduinoCore.a(Wire.o)
                0x00001a0c                _ZN7TwoWire5writeEPKhj
 .text._ZN7TwoWire5writeEh
                0x00001a64       0x5c C:\Users\ravim\Documents\Atmel Studio\7.0\BNO055_Test\BNO055_Test\ArduinoCore\Debug\libArduinoCore.a(Wire.o)
                0x00001a64                _ZN7TwoWire5writeEh
 .text._ZN7TwoWireC2Ev
                0x00001ac0       0x20 C:\Users\ravim\Documents\Atmel Studio\7.0\BNO055_Test\BNO055_Test\ArduinoCore\Debug\libArduinoCore.a(Wire.o)
                0x00001ac0                _ZN7TwoWireC1Ev
                0x00001ac0                _ZN7TwoWireC2Ev
 .text._ZN7TwoWire5beginEv
                0x00001ae0       0x1e C:\Users\ravim\Documents\Atmel Studio\7.0\BNO055_Test\BNO055_Test\ArduinoCore\Debug\libArduinoCore.a(Wire.o)
                0x00001ae0                _ZN7TwoWire5beginEv
 .text._ZN7TwoWire17beginTransmissionEh
                0x00001afe       0x14 C:\Users\ravim\Documents\Atmel Studio\7.0\BNO055_Test\BNO055_Test\ArduinoCore\Debug\libArduinoCore.a(Wire.o)
                0x00001afe                _ZN7TwoWire17beginTransmissionEh
 .text._ZN7TwoWire15endTransmissionEh
                0x00001b12       0x24 C:\Users\ravim\Documents\Atmel Studio\7.0\BNO055_Test\BNO055_Test\ArduinoCore\Debug\libArduinoCore.a(Wire.o)
                0x00001b12                _ZN7TwoWire15endTransmissionEh
 .text._ZN7TwoWire11requestFromEhhmhh
                0x00001b36       0xa2 C:\Users\ravim\Documents\Atmel Studio\7.0\BNO055_Test\BNO055_Test\ArduinoCore\Debug\libArduinoCore.a(Wire.o)
                0x00001b36                _ZN7TwoWire11requestFromEhhmhh
 .text._ZN7TwoWire11requestFromEhhh
                0x00001bd8       0x1e C:\Users\ravim\Documents\Atmel Studio\7.0\BNO055_Test\BNO055_Test\ArduinoCore\Debug\libArduinoCore.a(Wire.o)
                0x00001bd8                _ZN7TwoWire11requestFromEhhh
 .text._ZN7TwoWire15endTransmissionEv
                0x00001bf6        0x4 C:\Users\ravim\Documents\Atmel Studio\7.0\BNO055_Test\BNO055_Test\ArduinoCore\Debug\libArduinoCore.a(Wire.o)
                0x00001bf6                _ZN7TwoWire15endTransmissionEv
 .text.startup._GLOBAL__sub_I__ZN7TwoWire8rxBufferE
                0x00001bfa        0x6 C:\Users\ravim\Documents\Atmel Studio\7.0\BNO055_Test\BNO055_Test\ArduinoCore\Debug\libArduinoCore.a(Wire.o)
 .text.__empty  0x00001c00        0x2 C:\Users\ravim\Documents\Atmel Studio\7.0\BNO055_Test\BNO055_Test\ArduinoCore\Debug\libArduinoCore.a(hooks.o)
                0x00001c00                yield
 .text._Znwj    0x00001c02        0x2 C:\Users\ravim\Documents\Atmel Studio\7.0\BNO055_Test\BNO055_Test\ArduinoCore\Debug\libArduinoCore.a(new.o)
                0x00001c02                _Znwj
 .text._ZdlPv   0x00001c04        0x2 C:\Users\ravim\Documents\Atmel Studio\7.0\BNO055_Test\BNO055_Test\ArduinoCore\Debug\libArduinoCore.a(new.o)
                0x00001c04                _ZdlPv
 .text.twi_init
                0x00001c06       0x38 C:\Users\ravim\Documents\Atmel Studio\7.0\BNO055_Test\BNO055_Test\ArduinoCore\Debug\libArduinoCore.a(twi.o)
                0x00001c06                twi_init
 .text.twi_disable
                0x00001c3e       0x16 C:\Users\ravim\Documents\Atmel Studio\7.0\BNO055_Test\BNO055_Test\ArduinoCore\Debug\libArduinoCore.a(twi.o)
                0x00001c3e                twi_disable
 .text.twi_transmit
                0x00001c54       0x50 C:\Users\ravim\Documents\Atmel Studio\7.0\BNO055_Test\BNO055_Test\ArduinoCore\Debug\libArduinoCore.a(twi.o)
                0x00001c54                twi_transmit
 .text.twi_attachSlaveRxEvent
                0x00001ca4        0xa C:\Users\ravim\Documents\Atmel Studio\7.0\BNO055_Test\BNO055_Test\ArduinoCore\Debug\libArduinoCore.a(twi.o)
                0x00001ca4                twi_attachSlaveRxEvent
 .text.twi_attachSlaveTxEvent
                0x00001cae        0xa C:\Users\ravim\Documents\Atmel Studio\7.0\BNO055_Test\BNO055_Test\ArduinoCore\Debug\libArduinoCore.a(twi.o)
                0x00001cae                twi_attachSlaveTxEvent
 .text.twi_releaseBus
                0x00001cb8        0xc C:\Users\ravim\Documents\Atmel Studio\7.0\BNO055_Test\BNO055_Test\ArduinoCore\Debug\libArduinoCore.a(twi.o)
                0x00001cb8                twi_releaseBus
 .text.twi_handleTimeout
                0x00001cc4       0x28 C:\Users\ravim\Documents\Atmel Studio\7.0\BNO055_Test\BNO055_Test\ArduinoCore\Debug\libArduinoCore.a(twi.o)
                0x00001cc4                twi_handleTimeout
 .text.twi_readFrom
                0x00001cec      0x1ca C:\Users\ravim\Documents\Atmel Studio\7.0\BNO055_Test\BNO055_Test\ArduinoCore\Debug\libArduinoCore.a(twi.o)
                0x00001cec                twi_readFrom
 .text.twi_writeTo
                0x00001eb6      0x1de C:\Users\ravim\Documents\Atmel Studio\7.0\BNO055_Test\BNO055_Test\ArduinoCore\Debug\libArduinoCore.a(twi.o)
                0x00001eb6                twi_writeTo
 .text.twi_stop
                0x00002094       0x6e C:\Users\ravim\Documents\Atmel Studio\7.0\BNO055_Test\BNO055_Test\ArduinoCore\Debug\libArduinoCore.a(twi.o)
                0x00002094                twi_stop
 .text.__vector_39
                0x00002102      0x25c C:\Users\ravim\Documents\Atmel Studio\7.0\BNO055_Test\BNO055_Test\ArduinoCore\Debug\libArduinoCore.a(twi.o)
                0x00002102                __vector_39
 .text.avr-libc.fplib
                0x0000235e        0xa v:/atmel studio/7.0/toolchain/avr8/avr8-gnu-toolchain/bin/../lib/gcc/avr/5.4.0/../../../../avr/lib/avr6\libm.a(addsf3.o)
                0x0000235e                __subsf3
                0x00002360                __addsf3
 .text.avr-libc.fplib
                0x00002368       0xc4 v:/atmel studio/7.0/toolchain/avr8/avr8-gnu-toolchain/bin/../lib/gcc/avr/5.4.0/../../../../avr/lib/avr6\libm.a(addsf3x.o)
                0x00002382                __addsf3x
 .text.avr-libc.fplib
                0x0000242c        0x8 v:/atmel studio/7.0/toolchain/avr8/avr8-gnu-toolchain/bin/../lib/gcc/avr/5.4.0/../../../../avr/lib/avr6\libm.a(cmpsf2.o)
                0x0000242c                __nesf2
                0x0000242c                __eqsf2
                0x0000242c                __cmpsf2
                0x0000242c                __ltsf2
                0x0000242c                __lesf2
 .text.avr-libc.fplib
                0x00002434        0x4 v:/atmel studio/7.0/toolchain/avr8/avr8-gnu-toolchain/bin/../lib/gcc/avr/5.4.0/../../../../avr/lib/avr6\libm.a(divsf3.o)
                0x00002434                __divsf3
 .text.avr-libc.fplib
                0x00002438       0xd2 v:/atmel studio/7.0/toolchain/avr8/avr8-gnu-toolchain/bin/../lib/gcc/avr/5.4.0/../../../../avr/lib/avr6\libm.a(divsf3x.o)
                0x00002450                __divsf3x
                0x00002456                __divsf3_pse
 .text.avr-libc.fplib
                0x0000250a       0x7a v:/atmel studio/7.0/toolchain/avr8/avr8-gnu-toolchain/bin/../lib/gcc/avr/5.4.0/../../../../avr/lib/avr6\libm.a(floatsisf.o)
                0x0000250a                __floatunsisf
                0x0000250e                __floatsisf
 .text.avr-libc.fplib
                0x00002584       0x48 v:/atmel studio/7.0/toolchain/avr8/avr8-gnu-toolchain/bin/../lib/gcc/avr/5.4.0/../../../../avr/lib/avr6\libm.a(fp_cmp.o)
                0x00002584                __fp_cmp
 .text.avr-libc.fplib
                0x000025cc        0xc v:/atmel studio/7.0/toolchain/avr8/avr8-gnu-toolchain/bin/../lib/gcc/avr/5.4.0/../../../../avr/lib/avr6\libm.a(fp_inf.o)
                0x000025cc                __fp_inf
 .text.avr-libc.fplib
                0x000025d8        0x6 v:/atmel studio/7.0/toolchain/avr8/avr8-gnu-toolchain/bin/../lib/gcc/avr/5.4.0/../../../../avr/lib/avr6\libm.a(fp_nan.o)
                0x000025d8                __fp_nan
 .text.avr-libc.fplib
                0x000025de        0xe v:/atmel studio/7.0/toolchain/avr8/avr8-gnu-toolchain/bin/../lib/gcc/avr/5.4.0/../../../../avr/lib/avr6\libm.a(fp_pscA.o)
                0x000025de                __fp_pscA
 .text.avr-libc.fplib
                0x000025ec        0xe v:/atmel studio/7.0/toolchain/avr8/avr8-gnu-toolchain/bin/../lib/gcc/avr/5.4.0/../../../../avr/lib/avr6\libm.a(fp_pscB.o)
                0x000025ec                __fp_pscB
 .text.avr-libc.fplib
                0x000025fa       0x22 v:/atmel studio/7.0/toolchain/avr8/avr8-gnu-toolchain/bin/../lib/gcc/avr/5.4.0/../../../../avr/lib/avr6\libm.a(fp_round.o)
                0x000025fa                __fp_round
 .text.avr-libc.fplib
                0x0000261c        0x8 v:/atmel studio/7.0/toolchain/avr8/avr8-gnu-toolchain/bin/../lib/gcc/avr/5.4.0/../../../../avr/lib/avr6\libm.a(gesf2.o)
                0x0000261c                __gesf2
                0x0000261c                __gtsf2
 .text.avr-libc.fplib
                0x00002624        0x4 v:/atmel studio/7.0/toolchain/avr8/avr8-gnu-toolchain/bin/../lib/gcc/avr/5.4.0/../../../../avr/lib/avr6\libm.a(mulsf3.o)
                0x00002624                __mulsf3
 .text.avr-libc.fplib
                0x00002628       0xc8 v:/atmel studio/7.0/toolchain/avr8/avr8-gnu-toolchain/bin/../lib/gcc/avr/5.4.0/../../../../avr/lib/avr6\libm.a(mulsf3x.o)
                0x0000263e                __mulsf3x
                0x00002644                __mulsf3_pse
 .text.avr-libc.fplib
                0x000026f0        0x8 v:/atmel studio/7.0/toolchain/avr8/avr8-gnu-toolchain/bin/../lib/gcc/avr/5.4.0/../../../../avr/lib/avr6\libm.a(unordsf2.o)
                0x000026f0                __unordsf2
 .text.libgcc.div
                0x000026f8       0x44 v:/atmel studio/7.0/toolchain/avr8/avr8-gnu-toolchain/bin/../lib/gcc/avr/5.4.0/avr6\libgcc.a(_udivmodsi4.o)
                0x000026f8                __udivmodsi4
 .text.libgcc   0x0000273c       0x10 v:/atmel studio/7.0/toolchain/avr8/avr8-gnu-toolchain/bin/../lib/gcc/avr/5.4.0/avr6\libgcc.a(_tablejump2.o)
                0x0000273c                __tablejump2__
 .text.avr-libc
                0x0000274c      0x242 v:/atmel studio/7.0/toolchain/avr8/avr8-gnu-toolchain/bin/../lib/gcc/avr/5.4.0/../../../../avr/lib/avr6\libc.a(malloc.o)
                0x0000274c                malloc
                0x0000287c                free
 .text.avr-libc
                0x0000298e       0x1e v:/atmel studio/7.0/toolchain/avr8/avr8-gnu-toolchain/bin/../lib/gcc/avr/5.4.0/../../../../avr/lib/avr6\libc.a(strncpy.o)
                0x0000298e                strncpy
                0x000029ac                . = ALIGN (0x2)
 *(.fini9)
 .fini9         0x000029ac        0x0 v:/atmel studio/7.0/toolchain/avr8/avr8-gnu-toolchain/bin/../lib/gcc/avr/5.4.0/avr6\libgcc.a(_exit.o)
                0x000029ac                _exit
                0x000029ac                exit
 *(.fini9)
 *(.fini8)
 *(.fini8)
 *(.fini7)
 *(.fini7)
 *(.fini6)
 *(.fini6)
 *(.fini5)
 *(.fini5)
 *(.fini4)
 *(.fini4)
 *(.fini3)
 *(.fini3)
 *(.fini2)
 *(.fini2)
 *(.fini1)
 *(.fini1)
 *(.fini0)
 .fini0         0x000029ac        0x4 v:/atmel studio/7.0/toolchain/avr8/avr8-gnu-toolchain/bin/../lib/gcc/avr/5.4.0/avr6\libgcc.a(_exit.o)
 *(.fini0)
                0x000029b0                _etext = .

.data           0x00800200       0xc6 load address 0x000029b0
                0x00800200                PROVIDE (__data_start, .)
 *(.data)
 .data          0x00800200        0x6 v:/atmel studio/7.0/toolchain/avr8/avr8-gnu-toolchain/bin/../lib/gcc/avr/5.4.0/../../../../avr/lib/avr6\libc.a(malloc.o)
                0x00800200                __malloc_heap_end
                0x00800202                __malloc_heap_start
                0x00800204                __malloc_margin
 *(.data*)
 .data.ledPin   0x00800206        0x2 Main.o
                0x00800206                ledPin
 *(.gnu.linkonce.d*)
 *(.rodata)
 *(.rodata*)
 .rodata.str1.1
                0x00800208       0x75 Main.o
                                 0x76 (size before relaxing)
 .rodata._ZTV14HardwareSerial
                0x0080027d       0x12 C:\Users\ravim\Documents\Atmel Studio\7.0\BNO055_Test\BNO055_Test\ArduinoCore\Debug\libArduinoCore.a(HardwareSerial.o)
                0x0080027d                _ZTV14HardwareSerial
 .rodata.str1.1
                0x0080028f        0xf C:\Users\ravim\Documents\Atmel Studio\7.0\BNO055_Test\BNO055_Test\ArduinoCore\Debug\libArduinoCore.a(Print.o)
 .rodata.str1.1
                0x0080029e        0x7 C:\Users\ravim\Documents\Atmel Studio\7.0\BNO055_Test\BNO055_Test\ArduinoCore\Debug\libArduinoCore.a(Adafruit_BNO055.o)
 .rodata._ZTV15Adafruit_BNO055
                0x008002a5        0xe C:\Users\ravim\Documents\Atmel Studio\7.0\BNO055_Test\BNO055_Test\ArduinoCore\Debug\libArduinoCore.a(Adafruit_BNO055.o)
                0x008002a5                _ZTV15Adafruit_BNO055
 .rodata._ZTV7TwoWire
                0x008002b3       0x12 C:\Users\ravim\Documents\Atmel Studio\7.0\BNO055_Test\BNO055_Test\ArduinoCore\Debug\libArduinoCore.a(Wire.o)
                0x008002b3                _ZTV7TwoWire
 *(.gnu.linkonce.r*)
                0x008002c6                . = ALIGN (0x2)
 *fill*         0x008002c5        0x1 
                0x008002c6                _edata = .
                0x008002c6                PROVIDE (__data_end, .)

.bss            0x008002c6      0x183
                0x008002c6                PROVIDE (__bss_start, .)
 *(.bss)
 *(.bss*)
 .bss.bno       0x008002c6        0x9 Main.o
                0x008002c6                bno
 .bss.com_reg   0x008002cf        0x6 Main.o
                0x008002cf                com_reg
 .bss.Serial    0x008002d5       0x9d C:\Users\ravim\Documents\Atmel Studio\7.0\BNO055_Test\BNO055_Test\ArduinoCore\Debug\libArduinoCore.a(HardwareSerial0.o)
                0x008002d5                Serial
 .bss.timer0_fract
                0x00800372        0x1 C:\Users\ravim\Documents\Atmel Studio\7.0\BNO055_Test\BNO055_Test\ArduinoCore\Debug\libArduinoCore.a(wiring.o)
 .bss.timer0_millis
                0x00800373        0x4 C:\Users\ravim\Documents\Atmel Studio\7.0\BNO055_Test\BNO055_Test\ArduinoCore\Debug\libArduinoCore.a(wiring.o)
                0x00800373                timer0_millis
 .bss.timer0_overflow_count
                0x00800377        0x4 C:\Users\ravim\Documents\Atmel Studio\7.0\BNO055_Test\BNO055_Test\ArduinoCore\Debug\libArduinoCore.a(wiring.o)
                0x00800377                timer0_overflow_count
 .bss.Wire      0x0080037b        0xc C:\Users\ravim\Documents\Atmel Studio\7.0\BNO055_Test\BNO055_Test\ArduinoCore\Debug\libArduinoCore.a(Wire.o)
                0x0080037b                Wire
 .bss._ZN7TwoWire14user_onReceiveE
                0x00800387        0x2 C:\Users\ravim\Documents\Atmel Studio\7.0\BNO055_Test\BNO055_Test\ArduinoCore\Debug\libArduinoCore.a(Wire.o)
                0x00800387                _ZN7TwoWire14user_onReceiveE
 .bss._ZN7TwoWire14user_onRequestE
                0x00800389        0x2 C:\Users\ravim\Documents\Atmel Studio\7.0\BNO055_Test\BNO055_Test\ArduinoCore\Debug\libArduinoCore.a(Wire.o)
                0x00800389                _ZN7TwoWire14user_onRequestE
 .bss._ZN7TwoWire12transmittingE
                0x0080038b        0x1 C:\Users\ravim\Documents\Atmel Studio\7.0\BNO055_Test\BNO055_Test\ArduinoCore\Debug\libArduinoCore.a(Wire.o)
                0x0080038b                _ZN7TwoWire12transmittingE
 .bss._ZN7TwoWire14txBufferLengthE
                0x0080038c        0x1 C:\Users\ravim\Documents\Atmel Studio\7.0\BNO055_Test\BNO055_Test\ArduinoCore\Debug\libArduinoCore.a(Wire.o)
                0x0080038c                _ZN7TwoWire14txBufferLengthE
 .bss._ZN7TwoWire13txBufferIndexE
                0x0080038d        0x1 C:\Users\ravim\Documents\Atmel Studio\7.0\BNO055_Test\BNO055_Test\ArduinoCore\Debug\libArduinoCore.a(Wire.o)
                0x0080038d                _ZN7TwoWire13txBufferIndexE
 .bss._ZN7TwoWire8txBufferE
                0x0080038e       0x20 C:\Users\ravim\Documents\Atmel Studio\7.0\BNO055_Test\BNO055_Test\ArduinoCore\Debug\libArduinoCore.a(Wire.o)
                0x0080038e                _ZN7TwoWire8txBufferE
 .bss._ZN7TwoWire9txAddressE
                0x008003ae        0x1 C:\Users\ravim\Documents\Atmel Studio\7.0\BNO055_Test\BNO055_Test\ArduinoCore\Debug\libArduinoCore.a(Wire.o)
                0x008003ae                _ZN7TwoWire9txAddressE
 .bss._ZN7TwoWire14rxBufferLengthE
                0x008003af        0x1 C:\Users\ravim\Documents\Atmel Studio\7.0\BNO055_Test\BNO055_Test\ArduinoCore\Debug\libArduinoCore.a(Wire.o)
                0x008003af                _ZN7TwoWire14rxBufferLengthE
 .bss._ZN7TwoWire13rxBufferIndexE
                0x008003b0        0x1 C:\Users\ravim\Documents\Atmel Studio\7.0\BNO055_Test\BNO055_Test\ArduinoCore\Debug\libArduinoCore.a(Wire.o)
                0x008003b0                _ZN7TwoWire13rxBufferIndexE
 .bss._ZN7TwoWire8rxBufferE
                0x008003b1       0x20 C:\Users\ravim\Documents\Atmel Studio\7.0\BNO055_Test\BNO055_Test\ArduinoCore\Debug\libArduinoCore.a(Wire.o)
                0x008003b1                _ZN7TwoWire8rxBufferE
 .bss.twi_error
                0x008003d1        0x1 C:\Users\ravim\Documents\Atmel Studio\7.0\BNO055_Test\BNO055_Test\ArduinoCore\Debug\libArduinoCore.a(twi.o)
 .bss.twi_rxBufferIndex
                0x008003d2        0x1 C:\Users\ravim\Documents\Atmel Studio\7.0\BNO055_Test\BNO055_Test\ArduinoCore\Debug\libArduinoCore.a(twi.o)
 .bss.twi_rxBuffer
                0x008003d3       0x20 C:\Users\ravim\Documents\Atmel Studio\7.0\BNO055_Test\BNO055_Test\ArduinoCore\Debug\libArduinoCore.a(twi.o)
 .bss.twi_txBufferLength
                0x008003f3        0x1 C:\Users\ravim\Documents\Atmel Studio\7.0\BNO055_Test\BNO055_Test\ArduinoCore\Debug\libArduinoCore.a(twi.o)
 .bss.twi_txBufferIndex
                0x008003f4        0x1 C:\Users\ravim\Documents\Atmel Studio\7.0\BNO055_Test\BNO055_Test\ArduinoCore\Debug\libArduinoCore.a(twi.o)
 .bss.twi_txBuffer
                0x008003f5       0x20 C:\Users\ravim\Documents\Atmel Studio\7.0\BNO055_Test\BNO055_Test\ArduinoCore\Debug\libArduinoCore.a(twi.o)
 .bss.twi_masterBufferLength
                0x00800415        0x1 C:\Users\ravim\Documents\Atmel Studio\7.0\BNO055_Test\BNO055_Test\ArduinoCore\Debug\libArduinoCore.a(twi.o)
 .bss.twi_masterBufferIndex
                0x00800416        0x1 C:\Users\ravim\Documents\Atmel Studio\7.0\BNO055_Test\BNO055_Test\ArduinoCore\Debug\libArduinoCore.a(twi.o)
 .bss.twi_masterBuffer
                0x00800417       0x20 C:\Users\ravim\Documents\Atmel Studio\7.0\BNO055_Test\BNO055_Test\ArduinoCore\Debug\libArduinoCore.a(twi.o)
 .bss.twi_onSlaveReceive
                0x00800437        0x2 C:\Users\ravim\Documents\Atmel Studio\7.0\BNO055_Test\BNO055_Test\ArduinoCore\Debug\libArduinoCore.a(twi.o)
 .bss.twi_onSlaveTransmit
                0x00800439        0x2 C:\Users\ravim\Documents\Atmel Studio\7.0\BNO055_Test\BNO055_Test\ArduinoCore\Debug\libArduinoCore.a(twi.o)
 .bss.twi_do_reset_on_timeout
                0x0080043b        0x1 C:\Users\ravim\Documents\Atmel Studio\7.0\BNO055_Test\BNO055_Test\ArduinoCore\Debug\libArduinoCore.a(twi.o)
 .bss.twi_timed_out_flag
                0x0080043c        0x1 C:\Users\ravim\Documents\Atmel Studio\7.0\BNO055_Test\BNO055_Test\ArduinoCore\Debug\libArduinoCore.a(twi.o)
 .bss.twi_timeout_us
                0x0080043d        0x4 C:\Users\ravim\Documents\Atmel Studio\7.0\BNO055_Test\BNO055_Test\ArduinoCore\Debug\libArduinoCore.a(twi.o)
 .bss.twi_inRepStart
                0x00800441        0x1 C:\Users\ravim\Documents\Atmel Studio\7.0\BNO055_Test\BNO055_Test\ArduinoCore\Debug\libArduinoCore.a(twi.o)
 .bss.twi_sendStop
                0x00800442        0x1 C:\Users\ravim\Documents\Atmel Studio\7.0\BNO055_Test\BNO055_Test\ArduinoCore\Debug\libArduinoCore.a(twi.o)
 .bss.twi_slarw
                0x00800443        0x1 C:\Users\ravim\Documents\Atmel Studio\7.0\BNO055_Test\BNO055_Test\ArduinoCore\Debug\libArduinoCore.a(twi.o)
 .bss.twi_state
                0x00800444        0x1 C:\Users\ravim\Documents\Atmel Studio\7.0\BNO055_Test\BNO055_Test\ArduinoCore\Debug\libArduinoCore.a(twi.o)
 *(COMMON)
 COMMON         0x00800445        0x4 v:/atmel studio/7.0/toolchain/avr8/avr8-gnu-toolchain/bin/../lib/gcc/avr/5.4.0/../../../../avr/lib/avr6\libc.a(malloc.o)
                0x00800445                __brkval
                0x00800447                __flp
                0x00800449                PROVIDE (__bss_end, .)
                0x000029b0                __data_load_start = LOADADDR (.data)
                0x00002a76                __data_load_end = (__data_load_start + SIZEOF (.data))

.noinit         0x00800449        0x0
                [!provide]                PROVIDE (__noinit_start, .)
 *(.noinit*)
                [!provide]                PROVIDE (__noinit_end, .)
                0x00800449                _end = .
                0x00800449                PROVIDE (__heap_start, .)

.eeprom         0x00810000        0x0
 *(.eeprom*)
                0x00810000                __eeprom_end = .

.fuse
 *(.fuse)
 *(.lfuse)
 *(.hfuse)
 *(.efuse)

.lock
 *(.lock*)

.signature
 *(.signature*)

.user_signatures
 *(.user_signatures*)

.stab
 *(.stab)

.stabstr
 *(.stabstr)

.stab.excl
 *(.stab.excl)

.stab.exclstr
 *(.stab.exclstr)

.stab.index
 *(.stab.index)

.stab.indexstr
 *(.stab.indexstr)

.comment        0x00000000       0x30
 *(.comment)
 .comment       0x00000000       0x30 Main.o
                                 0x31 (size before relaxing)
 .comment       0x00000030       0x31 C:\Users\ravim\Documents\Atmel Studio\7.0\BNO055_Test\BNO055_Test\ArduinoCore\Debug\libArduinoCore.a(HardwareSerial.o)
 .comment       0x00000030       0x31 C:\Users\ravim\Documents\Atmel Studio\7.0\BNO055_Test\BNO055_Test\ArduinoCore\Debug\libArduinoCore.a(HardwareSerial0.o)
 .comment       0x00000030       0x31 C:\Users\ravim\Documents\Atmel Studio\7.0\BNO055_Test\BNO055_Test\ArduinoCore\Debug\libArduinoCore.a(main.o)
 .comment       0x00000030       0x31 C:\Users\ravim\Documents\Atmel Studio\7.0\BNO055_Test\BNO055_Test\ArduinoCore\Debug\libArduinoCore.a(Print.o)
 .comment       0x00000030       0x31 C:\Users\ravim\Documents\Atmel Studio\7.0\BNO055_Test\BNO055_Test\ArduinoCore\Debug\libArduinoCore.a(wiring.o)
 .comment       0x00000030       0x31 C:\Users\ravim\Documents\Atmel Studio\7.0\BNO055_Test\BNO055_Test\ArduinoCore\Debug\libArduinoCore.a(wiring_analog.o)
 .comment       0x00000030       0x31 C:\Users\ravim\Documents\Atmel Studio\7.0\BNO055_Test\BNO055_Test\ArduinoCore\Debug\libArduinoCore.a(wiring_digital.o)
 .comment       0x00000030       0x31 C:\Users\ravim\Documents\Atmel Studio\7.0\BNO055_Test\BNO055_Test\ArduinoCore\Debug\libArduinoCore.a(Adafruit_BNO055.o)
 .comment       0x00000030       0x31 C:\Users\ravim\Documents\Atmel Studio\7.0\BNO055_Test\BNO055_Test\ArduinoCore\Debug\libArduinoCore.a(Adafruit_I2CDevice.o)
 .comment       0x00000030       0x31 C:\Users\ravim\Documents\Atmel Studio\7.0\BNO055_Test\BNO055_Test\ArduinoCore\Debug\libArduinoCore.a(Wire.o)
 .comment       0x00000030       0x31 C:\Users\ravim\Documents\Atmel Studio\7.0\BNO055_Test\BNO055_Test\ArduinoCore\Debug\libArduinoCore.a(hooks.o)
 .comment       0x00000030       0x31 C:\Users\ravim\Documents\Atmel Studio\7.0\BNO055_Test\BNO055_Test\ArduinoCore\Debug\libArduinoCore.a(new.o)
 .comment       0x00000030       0x31 C:\Users\ravim\Documents\Atmel Studio\7.0\BNO055_Test\BNO055_Test\ArduinoCore\Debug\libArduinoCore.a(twi.o)
 .comment       0x00000030       0x31 v:/atmel studio/7.0/toolchain/avr8/avr8-gnu-toolchain/bin/../lib/gcc/avr/5.4.0/../../../../avr/lib/avr6\libc.a(malloc.o)

.note.gnu.avr.deviceinfo
                0x00000000       0x40
 .note.gnu.avr.deviceinfo
                0x00000000       0x40 V:/Atmel Studio/7.0/Packs/atmel/ATmega_DFP/1.7.374/gcc/dev/atmega2560/avr6/crtatmega2560.o

.note.gnu.build-id
 *(.note.gnu.build-id)

.debug
 *(.debug)

.line
 *(.line)

.debug_srcinfo
 *(.debug_srcinfo)

.debug_sfnames
 *(.debug_sfnames)

.debug_aranges  0x00000000      0x640
 *(.debug_aranges)
 .debug_aranges
                0x00000000       0x48 Main.o
 .debug_aranges
                0x00000048       0x68 C:\Users\ravim\Documents\Atmel Studio\7.0\BNO055_Test\BNO055_Test\ArduinoCore\Debug\libArduinoCore.a(HardwareSerial.o)
 .debug_aranges
                0x000000b0       0x48 C:\Users\ravim\Documents\Atmel Studio\7.0\BNO055_Test\BNO055_Test\ArduinoCore\Debug\libArduinoCore.a(HardwareSerial0.o)
 .debug_aranges
                0x000000f8       0x30 C:\Users\ravim\Documents\Atmel Studio\7.0\BNO055_Test\BNO055_Test\ArduinoCore\Debug\libArduinoCore.a(main.o)
 .debug_aranges
                0x00000128      0x100 C:\Users\ravim\Documents\Atmel Studio\7.0\BNO055_Test\BNO055_Test\ArduinoCore\Debug\libArduinoCore.a(Print.o)
 .debug_aranges
                0x00000228       0x48 C:\Users\ravim\Documents\Atmel Studio\7.0\BNO055_Test\BNO055_Test\ArduinoCore\Debug\libArduinoCore.a(wiring.o)
 .debug_aranges
                0x00000270       0x30 C:\Users\ravim\Documents\Atmel Studio\7.0\BNO055_Test\BNO055_Test\ArduinoCore\Debug\libArduinoCore.a(wiring_analog.o)
 .debug_aranges
                0x000002a0       0x38 C:\Users\ravim\Documents\Atmel Studio\7.0\BNO055_Test\BNO055_Test\ArduinoCore\Debug\libArduinoCore.a(wiring_digital.o)
 .debug_aranges
                0x000002d8      0x108 C:\Users\ravim\Documents\Atmel Studio\7.0\BNO055_Test\BNO055_Test\ArduinoCore\Debug\libArduinoCore.a(Adafruit_BNO055.o)
 .debug_aranges
                0x000003e0       0x68 C:\Users\ravim\Documents\Atmel Studio\7.0\BNO055_Test\BNO055_Test\ArduinoCore\Debug\libArduinoCore.a(Adafruit_I2CDevice.o)
 .debug_aranges
                0x00000448      0x110 C:\Users\ravim\Documents\Atmel Studio\7.0\BNO055_Test\BNO055_Test\ArduinoCore\Debug\libArduinoCore.a(Wire.o)
 .debug_aranges
                0x00000558       0x20 C:\Users\ravim\Documents\Atmel Studio\7.0\BNO055_Test\BNO055_Test\ArduinoCore\Debug\libArduinoCore.a(hooks.o)
 .debug_aranges
                0x00000578       0x30 C:\Users\ravim\Documents\Atmel Studio\7.0\BNO055_Test\BNO055_Test\ArduinoCore\Debug\libArduinoCore.a(new.o)
 .debug_aranges
                0x000005a8       0x98 C:\Users\ravim\Documents\Atmel Studio\7.0\BNO055_Test\BNO055_Test\ArduinoCore\Debug\libArduinoCore.a(twi.o)

.debug_pubnames
 *(.debug_pubnames)

.debug_info     0x00000000    0x11279
 *(.debug_info .gnu.linkonce.wi.*)
 .debug_info    0x00000000      0xbbc V:/Atmel Studio/7.0/Packs/atmel/ATmega_DFP/1.7.374/gcc/dev/atmega2560/avr6/crtatmega2560.o
 .debug_info    0x00000bbc     0x1063 Main.o
 .debug_info    0x00001c1f     0x205e C:\Users\ravim\Documents\Atmel Studio\7.0\BNO055_Test\BNO055_Test\ArduinoCore\Debug\libArduinoCore.a(HardwareSerial.o)
 .debug_info    0x00003c7d     0x1b74 C:\Users\ravim\Documents\Atmel Studio\7.0\BNO055_Test\BNO055_Test\ArduinoCore\Debug\libArduinoCore.a(HardwareSerial0.o)
 .debug_info    0x000057f1      0x295 C:\Users\ravim\Documents\Atmel Studio\7.0\BNO055_Test\BNO055_Test\ArduinoCore\Debug\libArduinoCore.a(main.o)
 .debug_info    0x00005a86     0x295d C:\Users\ravim\Documents\Atmel Studio\7.0\BNO055_Test\BNO055_Test\ArduinoCore\Debug\libArduinoCore.a(Print.o)
 .debug_info    0x000083e3      0x329 C:\Users\ravim\Documents\Atmel Studio\7.0\BNO055_Test\BNO055_Test\ArduinoCore\Debug\libArduinoCore.a(wiring.o)
 .debug_info    0x0000870c      0x2cd C:\Users\ravim\Documents\Atmel Studio\7.0\BNO055_Test\BNO055_Test\ArduinoCore\Debug\libArduinoCore.a(wiring_analog.o)
 .debug_info    0x000089d9      0x63a C:\Users\ravim\Documents\Atmel Studio\7.0\BNO055_Test\BNO055_Test\ArduinoCore\Debug\libArduinoCore.a(wiring_digital.o)
 .debug_info    0x00009013     0x43b2 C:\Users\ravim\Documents\Atmel Studio\7.0\BNO055_Test\BNO055_Test\ArduinoCore\Debug\libArduinoCore.a(Adafruit_BNO055.o)
 .debug_info    0x0000d3c5      0xacd C:\Users\ravim\Documents\Atmel Studio\7.0\BNO055_Test\BNO055_Test\ArduinoCore\Debug\libArduinoCore.a(Adafruit_I2CDevice.o)
 .debug_info    0x0000de92     0x2910 C:\Users\ravim\Documents\Atmel Studio\7.0\BNO055_Test\BNO055_Test\ArduinoCore\Debug\libArduinoCore.a(Wire.o)
 .debug_info    0x000107a2       0x3e C:\Users\ravim\Documents\Atmel Studio\7.0\BNO055_Test\BNO055_Test\ArduinoCore\Debug\libArduinoCore.a(hooks.o)
 .debug_info    0x000107e0      0x15f C:\Users\ravim\Documents\Atmel Studio\7.0\BNO055_Test\BNO055_Test\ArduinoCore\Debug\libArduinoCore.a(new.o)
 .debug_info    0x0001093f      0x93a C:\Users\ravim\Documents\Atmel Studio\7.0\BNO055_Test\BNO055_Test\ArduinoCore\Debug\libArduinoCore.a(twi.o)

.debug_abbrev   0x00000000     0x34b1
 *(.debug_abbrev)
 .debug_abbrev  0x00000000      0xb1a V:/Atmel Studio/7.0/Packs/atmel/ATmega_DFP/1.7.374/gcc/dev/atmega2560/avr6/crtatmega2560.o
 .debug_abbrev  0x00000b1a      0x459 Main.o
 .debug_abbrev  0x00000f73      0x4b7 C:\Users\ravim\Documents\Atmel Studio\7.0\BNO055_Test\BNO055_Test\ArduinoCore\Debug\libArduinoCore.a(HardwareSerial.o)
 .debug_abbrev  0x0000142a      0x3ce C:\Users\ravim\Documents\Atmel Studio\7.0\BNO055_Test\BNO055_Test\ArduinoCore\Debug\libArduinoCore.a(HardwareSerial0.o)
 .debug_abbrev  0x000017f8      0x12d C:\Users\ravim\Documents\Atmel Studio\7.0\BNO055_Test\BNO055_Test\ArduinoCore\Debug\libArduinoCore.a(main.o)
 .debug_abbrev  0x00001925      0x47a C:\Users\ravim\Documents\Atmel Studio\7.0\BNO055_Test\BNO055_Test\ArduinoCore\Debug\libArduinoCore.a(Print.o)
 .debug_abbrev  0x00001d9f      0x146 C:\Users\ravim\Documents\Atmel Studio\7.0\BNO055_Test\BNO055_Test\ArduinoCore\Debug\libArduinoCore.a(wiring.o)
 .debug_abbrev  0x00001ee5      0x17a C:\Users\ravim\Documents\Atmel Studio\7.0\BNO055_Test\BNO055_Test\ArduinoCore\Debug\libArduinoCore.a(wiring_analog.o)
 .debug_abbrev  0x0000205f      0x15a C:\Users\ravim\Documents\Atmel Studio\7.0\BNO055_Test\BNO055_Test\ArduinoCore\Debug\libArduinoCore.a(wiring_digital.o)
 .debug_abbrev  0x000021b9      0x619 C:\Users\ravim\Documents\Atmel Studio\7.0\BNO055_Test\BNO055_Test\ArduinoCore\Debug\libArduinoCore.a(Adafruit_BNO055.o)
 .debug_abbrev  0x000027d2      0x357 C:\Users\ravim\Documents\Atmel Studio\7.0\BNO055_Test\BNO055_Test\ArduinoCore\Debug\libArduinoCore.a(Adafruit_I2CDevice.o)
 .debug_abbrev  0x00002b29      0x563 C:\Users\ravim\Documents\Atmel Studio\7.0\BNO055_Test\BNO055_Test\ArduinoCore\Debug\libArduinoCore.a(Wire.o)
 .debug_abbrev  0x0000308c       0x2a C:\Users\ravim\Documents\Atmel Studio\7.0\BNO055_Test\BNO055_Test\ArduinoCore\Debug\libArduinoCore.a(hooks.o)
 .debug_abbrev  0x000030b6      0x109 C:\Users\ravim\Documents\Atmel Studio\7.0\BNO055_Test\BNO055_Test\ArduinoCore\Debug\libArduinoCore.a(new.o)
 .debug_abbrev  0x000031bf      0x2f2 C:\Users\ravim\Documents\Atmel Studio\7.0\BNO055_Test\BNO055_Test\ArduinoCore\Debug\libArduinoCore.a(twi.o)

.debug_line     0x00000000     0x39a6
 *(.debug_line .debug_line.* .debug_line_end)
 .debug_line    0x00000000      0x1fa V:/Atmel Studio/7.0/Packs/atmel/ATmega_DFP/1.7.374/gcc/dev/atmega2560/avr6/crtatmega2560.o
 .debug_line    0x000001fa      0x3a9 Main.o
 .debug_line    0x000005a3      0x4eb C:\Users\ravim\Documents\Atmel Studio\7.0\BNO055_Test\BNO055_Test\ArduinoCore\Debug\libArduinoCore.a(HardwareSerial.o)
 .debug_line    0x00000a8e      0x260 C:\Users\ravim\Documents\Atmel Studio\7.0\BNO055_Test\BNO055_Test\ArduinoCore\Debug\libArduinoCore.a(HardwareSerial0.o)
 .debug_line    0x00000cee      0x14d C:\Users\ravim\Documents\Atmel Studio\7.0\BNO055_Test\BNO055_Test\ArduinoCore\Debug\libArduinoCore.a(main.o)
 .debug_line    0x00000e3b      0x659 C:\Users\ravim\Documents\Atmel Studio\7.0\BNO055_Test\BNO055_Test\ArduinoCore\Debug\libArduinoCore.a(Print.o)
 .debug_line    0x00001494      0x2b7 C:\Users\ravim\Documents\Atmel Studio\7.0\BNO055_Test\BNO055_Test\ArduinoCore\Debug\libArduinoCore.a(wiring.o)
 .debug_line    0x0000174b      0x2b0 C:\Users\ravim\Documents\Atmel Studio\7.0\BNO055_Test\BNO055_Test\ArduinoCore\Debug\libArduinoCore.a(wiring_analog.o)
 .debug_line    0x000019fb      0x270 C:\Users\ravim\Documents\Atmel Studio\7.0\BNO055_Test\BNO055_Test\ArduinoCore\Debug\libArduinoCore.a(wiring_digital.o)
 .debug_line    0x00001c6b      0xbaf C:\Users\ravim\Documents\Atmel Studio\7.0\BNO055_Test\BNO055_Test\ArduinoCore\Debug\libArduinoCore.a(Adafruit_BNO055.o)
 .debug_line    0x0000281a      0x390 C:\Users\ravim\Documents\Atmel Studio\7.0\BNO055_Test\BNO055_Test\ArduinoCore\Debug\libArduinoCore.a(Adafruit_I2CDevice.o)
 .debug_line    0x00002baa      0x60f C:\Users\ravim\Documents\Atmel Studio\7.0\BNO055_Test\BNO055_Test\ArduinoCore\Debug\libArduinoCore.a(Wire.o)
 .debug_line    0x000031b9       0x41 C:\Users\ravim\Documents\Atmel Studio\7.0\BNO055_Test\BNO055_Test\ArduinoCore\Debug\libArduinoCore.a(hooks.o)
 .debug_line    0x000031fa      0x11d C:\Users\ravim\Documents\Atmel Studio\7.0\BNO055_Test\BNO055_Test\ArduinoCore\Debug\libArduinoCore.a(new.o)
 .debug_line    0x00003317      0x68f C:\Users\ravim\Documents\Atmel Studio\7.0\BNO055_Test\BNO055_Test\ArduinoCore\Debug\libArduinoCore.a(twi.o)

.debug_frame    0x00000000     0x1418
 *(.debug_frame)
 .debug_frame   0x00000000       0x9c Main.o
 .debug_frame   0x0000009c      0x110 C:\Users\ravim\Documents\Atmel Studio\7.0\BNO055_Test\BNO055_Test\ArduinoCore\Debug\libArduinoCore.a(HardwareSerial.o)
 .debug_frame   0x000001ac       0xe0 C:\Users\ravim\Documents\Atmel Studio\7.0\BNO055_Test\BNO055_Test\ArduinoCore\Debug\libArduinoCore.a(HardwareSerial0.o)
 .debug_frame   0x0000028c       0x54 C:\Users\ravim\Documents\Atmel Studio\7.0\BNO055_Test\BNO055_Test\ArduinoCore\Debug\libArduinoCore.a(main.o)
 .debug_frame   0x000002e0      0x3ac C:\Users\ravim\Documents\Atmel Studio\7.0\BNO055_Test\BNO055_Test\ArduinoCore\Debug\libArduinoCore.a(Print.o)
 .debug_frame   0x0000068c       0xc4 C:\Users\ravim\Documents\Atmel Studio\7.0\BNO055_Test\BNO055_Test\ArduinoCore\Debug\libArduinoCore.a(wiring.o)
 .debug_frame   0x00000750       0x54 C:\Users\ravim\Documents\Atmel Studio\7.0\BNO055_Test\BNO055_Test\ArduinoCore\Debug\libArduinoCore.a(wiring_analog.o)
 .debug_frame   0x000007a4       0x7c C:\Users\ravim\Documents\Atmel Studio\7.0\BNO055_Test\BNO055_Test\ArduinoCore\Debug\libArduinoCore.a(wiring_digital.o)
 .debug_frame   0x00000820      0x510 C:\Users\ravim\Documents\Atmel Studio\7.0\BNO055_Test\BNO055_Test\ArduinoCore\Debug\libArduinoCore.a(Adafruit_BNO055.o)
 .debug_frame   0x00000d30      0x1a8 C:\Users\ravim\Documents\Atmel Studio\7.0\BNO055_Test\BNO055_Test\ArduinoCore\Debug\libArduinoCore.a(Adafruit_I2CDevice.o)
 .debug_frame   0x00000ed8      0x2b0 C:\Users\ravim\Documents\Atmel Studio\7.0\BNO055_Test\BNO055_Test\ArduinoCore\Debug\libArduinoCore.a(Wire.o)
 .debug_frame   0x00001188       0x24 C:\Users\ravim\Documents\Atmel Studio\7.0\BNO055_Test\BNO055_Test\ArduinoCore\Debug\libArduinoCore.a(hooks.o)
 .debug_frame   0x000011ac       0x64 C:\Users\ravim\Documents\Atmel Studio\7.0\BNO055_Test\BNO055_Test\ArduinoCore\Debug\libArduinoCore.a(new.o)
 .debug_frame   0x00001210      0x208 C:\Users\ravim\Documents\Atmel Studio\7.0\BNO055_Test\BNO055_Test\ArduinoCore\Debug\libArduinoCore.a(twi.o)

.debug_str      0x00000000     0x5b21
 *(.debug_str)
 .debug_str     0x00000000      0x3e6 V:/Atmel Studio/7.0/Packs/atmel/ATmega_DFP/1.7.374/gcc/dev/atmega2560/avr6/crtatmega2560.o
 .debug_str     0x000003e6     0x13d5 Main.o
                               0x150d (size before relaxing)
 .debug_str     0x000017bb     0x13f0 C:\Users\ravim\Documents\Atmel Studio\7.0\BNO055_Test\BNO055_Test\ArduinoCore\Debug\libArduinoCore.a(HardwareSerial.o)
                               0x16f4 (size before relaxing)
 .debug_str     0x00002bab       0x86 C:\Users\ravim\Documents\Atmel Studio\7.0\BNO055_Test\BNO055_Test\ArduinoCore\Debug\libArduinoCore.a(HardwareSerial0.o)
                               0x140f (size before relaxing)
 .debug_str     0x00002c31       0x37 C:\Users\ravim\Documents\Atmel Studio\7.0\BNO055_Test\BNO055_Test\ArduinoCore\Debug\libArduinoCore.a(main.o)
                                0x2bb (size before relaxing)
 .debug_str     0x00002c68      0x37e C:\Users\ravim\Documents\Atmel Studio\7.0\BNO055_Test\BNO055_Test\ArduinoCore\Debug\libArduinoCore.a(Print.o)
                               0x1249 (size before relaxing)
 .debug_str     0x00002fe6      0x15b C:\Users\ravim\Documents\Atmel Studio\7.0\BNO055_Test\BNO055_Test\ArduinoCore\Debug\libArduinoCore.a(wiring.o)
                                0x251 (size before relaxing)
 .debug_str     0x00003141       0x73 C:\Users\ravim\Documents\Atmel Studio\7.0\BNO055_Test\BNO055_Test\ArduinoCore\Debug\libArduinoCore.a(wiring_analog.o)
                                0x255 (size before relaxing)
 .debug_str     0x000031b4       0xa9 C:\Users\ravim\Documents\Atmel Studio\7.0\BNO055_Test\BNO055_Test\ArduinoCore\Debug\libArduinoCore.a(wiring_digital.o)
                                0x2b6 (size before relaxing)
 .debug_str     0x0000325d     0x1ed7 C:\Users\ravim\Documents\Atmel Studio\7.0\BNO055_Test\BNO055_Test\ArduinoCore\Debug\libArduinoCore.a(Adafruit_BNO055.o)
                               0x3329 (size before relaxing)
 .debug_str     0x00005134      0x1b7 C:\Users\ravim\Documents\Atmel Studio\7.0\BNO055_Test\BNO055_Test\ArduinoCore\Debug\libArduinoCore.a(Adafruit_I2CDevice.o)
                                0x67e (size before relaxing)
 .debug_str     0x000052eb      0x59d C:\Users\ravim\Documents\Atmel Studio\7.0\BNO055_Test\BNO055_Test\ArduinoCore\Debug\libArduinoCore.a(Wire.o)
                               0x19ac (size before relaxing)
 .debug_str     0x00005888       0x1c C:\Users\ravim\Documents\Atmel Studio\7.0\BNO055_Test\BNO055_Test\ArduinoCore\Debug\libArduinoCore.a(hooks.o)
                                0x146 (size before relaxing)
 .debug_str     0x000058a4       0x58 C:\Users\ravim\Documents\Atmel Studio\7.0\BNO055_Test\BNO055_Test\ArduinoCore\Debug\libArduinoCore.a(new.o)
                                0x1e6 (size before relaxing)
 .debug_str     0x000058fc      0x225 C:\Users\ravim\Documents\Atmel Studio\7.0\BNO055_Test\BNO055_Test\ArduinoCore\Debug\libArduinoCore.a(twi.o)
                                0x500 (size before relaxing)

.debug_loc      0x00000000     0x6736
 *(.debug_loc)
 .debug_loc     0x00000000      0x105 Main.o
 .debug_loc     0x00000105      0x4dc C:\Users\ravim\Documents\Atmel Studio\7.0\BNO055_Test\BNO055_Test\ArduinoCore\Debug\libArduinoCore.a(HardwareSerial.o)
 .debug_loc     0x000005e1      0x1b0 C:\Users\ravim\Documents\Atmel Studio\7.0\BNO055_Test\BNO055_Test\ArduinoCore\Debug\libArduinoCore.a(HardwareSerial0.o)
 .debug_loc     0x00000791     0x1c87 C:\Users\ravim\Documents\Atmel Studio\7.0\BNO055_Test\BNO055_Test\ArduinoCore\Debug\libArduinoCore.a(Print.o)
 .debug_loc     0x00002418      0x28d C:\Users\ravim\Documents\Atmel Studio\7.0\BNO055_Test\BNO055_Test\ArduinoCore\Debug\libArduinoCore.a(wiring.o)
 .debug_loc     0x000026a5      0x11c C:\Users\ravim\Documents\Atmel Studio\7.0\BNO055_Test\BNO055_Test\ArduinoCore\Debug\libArduinoCore.a(wiring_analog.o)
 .debug_loc     0x000027c1      0x56b C:\Users\ravim\Documents\Atmel Studio\7.0\BNO055_Test\BNO055_Test\ArduinoCore\Debug\libArduinoCore.a(wiring_digital.o)
 .debug_loc     0x00002d2c     0x1997 C:\Users\ravim\Documents\Atmel Studio\7.0\BNO055_Test\BNO055_Test\ArduinoCore\Debug\libArduinoCore.a(Adafruit_BNO055.o)
 .debug_loc     0x000046c3      0xac7 C:\Users\ravim\Documents\Atmel Studio\7.0\BNO055_Test\BNO055_Test\ArduinoCore\Debug\libArduinoCore.a(Adafruit_I2CDevice.o)
 .debug_loc     0x0000518a      0xcbb C:\Users\ravim\Documents\Atmel Studio\7.0\BNO055_Test\BNO055_Test\ArduinoCore\Debug\libArduinoCore.a(Wire.o)
 .debug_loc     0x00005e45       0x72 C:\Users\ravim\Documents\Atmel Studio\7.0\BNO055_Test\BNO055_Test\ArduinoCore\Debug\libArduinoCore.a(new.o)
 .debug_loc     0x00005eb7      0x87f C:\Users\ravim\Documents\Atmel Studio\7.0\BNO055_Test\BNO055_Test\ArduinoCore\Debug\libArduinoCore.a(twi.o)

.debug_macinfo
 *(.debug_macinfo)

.debug_weaknames
 *(.debug_weaknames)

.debug_funcnames
 *(.debug_funcnames)

.debug_typenames
 *(.debug_typenames)

.debug_varnames
 *(.debug_varnames)

.debug_pubtypes
 *(.debug_pubtypes)

.debug_ranges   0x00000000      0x5c0
 *(.debug_ranges)
 .debug_ranges  0x00000000       0x38 Main.o
 .debug_ranges  0x00000038       0x58 C:\Users\ravim\Documents\Atmel Studio\7.0\BNO055_Test\BNO055_Test\ArduinoCore\Debug\libArduinoCore.a(HardwareSerial.o)
 .debug_ranges  0x00000090       0x38 C:\Users\ravim\Documents\Atmel Studio\7.0\BNO055_Test\BNO055_Test\ArduinoCore\Debug\libArduinoCore.a(HardwareSerial0.o)
 .debug_ranges  0x000000c8       0x20 C:\Users\ravim\Documents\Atmel Studio\7.0\BNO055_Test\BNO055_Test\ArduinoCore\Debug\libArduinoCore.a(main.o)
 .debug_ranges  0x000000e8      0x120 C:\Users\ravim\Documents\Atmel Studio\7.0\BNO055_Test\BNO055_Test\ArduinoCore\Debug\libArduinoCore.a(Print.o)
 .debug_ranges  0x00000208       0x38 C:\Users\ravim\Documents\Atmel Studio\7.0\BNO055_Test\BNO055_Test\ArduinoCore\Debug\libArduinoCore.a(wiring.o)
 .debug_ranges  0x00000240       0x20 C:\Users\ravim\Documents\Atmel Studio\7.0\BNO055_Test\BNO055_Test\ArduinoCore\Debug\libArduinoCore.a(wiring_analog.o)
 .debug_ranges  0x00000260       0x28 C:\Users\ravim\Documents\Atmel Studio\7.0\BNO055_Test\BNO055_Test\ArduinoCore\Debug\libArduinoCore.a(wiring_digital.o)
 .debug_ranges  0x00000288       0xf8 C:\Users\ravim\Documents\Atmel Studio\7.0\BNO055_Test\BNO055_Test\ArduinoCore\Debug\libArduinoCore.a(Adafruit_BNO055.o)
 .debug_ranges  0x00000380       0x88 C:\Users\ravim\Documents\Atmel Studio\7.0\BNO055_Test\BNO055_Test\ArduinoCore\Debug\libArduinoCore.a(Adafruit_I2CDevice.o)
 .debug_ranges  0x00000408      0x100 C:\Users\ravim\Documents\Atmel Studio\7.0\BNO055_Test\BNO055_Test\ArduinoCore\Debug\libArduinoCore.a(Wire.o)
 .debug_ranges  0x00000508       0x10 C:\Users\ravim\Documents\Atmel Studio\7.0\BNO055_Test\BNO055_Test\ArduinoCore\Debug\libArduinoCore.a(hooks.o)
 .debug_ranges  0x00000518       0x20 C:\Users\ravim\Documents\Atmel Studio\7.0\BNO055_Test\BNO055_Test\ArduinoCore\Debug\libArduinoCore.a(new.o)
 .debug_ranges  0x00000538       0x88 C:\Users\ravim\Documents\Atmel Studio\7.0\BNO055_Test\BNO055_Test\ArduinoCore\Debug\libArduinoCore.a(twi.o)

.debug_macro
 *(.debug_macro)
OUTPUT(BNO055.elf elf32-avr)
LOAD linker stubs
